Script started on 2021-09-27 20:11:44+03:00 [TERM="xterm-256color" TTY="/dev/pts/4" COLUMNS="159" LINES="55"]
]0;tapio@tapio-desktop: ~/Documents/GitRepositories/Fullstackopen/part12-containers-applications/script-answers[01;32mtapio@tapio-desktop[00m:[01;34m~/Documents/GitRepositories/Fullstackopen/part12-containers-applications/script-answers[00m$ sudo docker ps -a[K[K[K
[sudo] password for tapio: 
CONTAINER ID   IMAGE     COMMAND                  CREATED         STATUS         PORTS                                         NAMES
8050ab9d2579   mongo     "docker-entrypoint.sâ€¦"   2 minutes ago   Up 2 minutes   0.0.0.0:3456->27017/tcp, :::3456->27017/tcp   todo-backend_mongo_1
f718ef47f70f   redis     "docker-entrypoint.sâ€¦"   2 minutes ago   Up 2 minutes   0.0.0.0:6379->6379/tcp, :::6379->6379/tcp     todo-backend_redis_1
]0;tapio@tapio-desktop: ~/Documents/GitRepositories/Fullstackopen/part12-containers-applications/script-answers[01;32mtapio@tapio-desktop[00m:[01;34m~/Documents/GitRepositories/Fullstackopen/part12-containers-applications/script-answers[00m$ ls[K[Ksudo docker exec -it todo-backend_redis_1 bash
root@f718ef47f70f:/data# [Kroot@f718ef47f70f:/data# KY EYS *
bash: KEYS: command not found
root@f718ef47f70f:/data# ls
root@f718ef47f70f:/data# cd ..
root@f718ef47f70f:/# . ls
bin  boot  data  dev  etc  home  lib  lib64  media  mnt  opt  proc  root  run  sbin  srv  sys  tmp  usr  var
root@f718ef47f70f:/# cd data
root@f718ef47f70f:/data# redis-cli
127.0.0.1:6379> [0K127.0.0.1:6379> K[17C[0K127.0.0.1:6379> KE[18C[0K127.0.0.1:6379> KEY[19C[0K127.0.0.1:6379> KEYS[0;90;49m pattern[0m[20C[0K127.0.0.1:6379> KEYS [0;90;49mpattern[0m[21C[0K127.0.0.1:6379> KEYS *[0;90;49m [0m[22C[0K127.0.0.1:6379> KEYS *[22C
1) "addCount"
127.0.0.1:6379> [0K127.0.0.1:6379> G[17C[0K127.0.0.1:6379> GE[18C[0K127.0.0.1:6379> GET[0;90;49m key[0m[19C[0K127.0.0.1:6379> GET [0;90;49mkey[0m[20C[0K127.0.0.1:6379> GET a[0;90;49m [0m[21C[0K127.0.0.1:6379> GET ad[0;90;49m [0m[22C[0K127.0.0.1:6379> GET adk[0;90;49m [0m[23C[0K127.0.0.1:6379> GET ad[0;90;49m [0m[22C[0K127.0.0.1:6379> GET add[0;90;49m [0m[23C[0K127.0.0.1:6379> GET addC[0;90;49m [0m[24C[0K127.0.0.1:6379> GET addCo[0;90;49m [0m[25C[0K127.0.0.1:6379> GET addCou[0;90;49m [0m[26C[0K127.0.0.1:6379> GET addCoun[0;90;49m [0m[27C[0K127.0.0.1:6379> GET addCount[0;90;49m [0m[28C[0K127.0.0.1:6379> GET addCount[28C
"4"
127.0.0.1:6379> [0K127.0.0.1:6379> S[17C[0K127.0.0.1:6379> SE[18C[0K127.0.0.1:6379> SET[0;90;49m key value [EX seconds|PX milliseconds|EXAT timestamp|PXAT milliseconds-timestamp|KEEPTTL] [NX|XX] [GET][0m[19C[0K127.0.0.1:6379> SET [0;90;49mkey value [EX seconds|PX milliseconds|EXAT timestamp|PXAT milliseconds-timestamp|KEEPTTL] [NX|XX] [GET][0m[20C[0K127.0.0.1:6379> SET a[0;90;49m value [EX seconds|PX milliseconds|EXAT timestamp|PXAT milliseconds-timestamp|KEEPTTL] [NX|XX] [GET][0m[21C[0K127.0.0.1:6379> SET ad[0;90;49m value [EX seconds|PX milliseconds|EXAT timestamp|PXAT milliseconds-timestamp|KEEPTTL] [NX|XX] [GET][0m[22C[0K127.0.0.1:6379> SET add[0;90;49m value [EX seconds|PX milliseconds|EXAT timestamp|PXAT milliseconds-timestamp|KEEPTTL] [NX|XX] [GET][0m[23C[0K127.0.0.1:6379> SET addC[0;90;49m value [EX seconds|PX milliseconds|EXAT timestamp|PXAT milliseconds-timestamp|KEEPTTL] [NX|XX] [GET][0m[24C[0K127.0.0.1:6379> SET addCk[0;90;49m value [EX seconds|PX milliseconds|EXAT timestamp|PXAT milliseconds-timestamp|KEEPTTL] [NX|XX] [GET][0m[25C[0K127.0.0.1:6379> SET addCkh[0;90;49m value [EX seconds|PX milliseconds|EXAT timestamp|PXAT milliseconds-timestamp|KEEPTTL] [NX|XX] [GET][0m[26C[0K127.0.0.1:6379> SET addCkh [0;90;49mvalue [EX seconds|PX milliseconds|EXAT timestamp|PXAT milliseconds-timestamp|KEEPTTL] [NX|XX] [GET][0m[27C[0K127.0.0.1:6379> SET addCkh t[0;90;49m [EX seconds|PX milliseconds|EXAT timestamp|PXAT milliseconds-timestamp|KEEPTTL] [NX|XX] [GET][0m[28C[0K127.0.0.1:6379> SET addCkh [0;90;49mvalue [EX seconds|PX milliseconds|EXAT timestamp|PXAT milliseconds-timestamp|KEEPTTL] [NX|XX] [GET][0m[27C[0K127.0.0.1:6379> SET addCkh[0;90;49m value [EX seconds|PX milliseconds|EXAT timestamp|PXAT milliseconds-timestamp|KEEPTTL] [NX|XX] [GET][0m[26C[0K127.0.0.1:6379> SET addCk[0;90;49m value [EX seconds|PX milliseconds|EXAT timestamp|PXAT milliseconds-timestamp|KEEPTTL] [NX|XX] [GET][0m[25C[0K127.0.0.1:6379> SET addC[0;90;49m value [EX seconds|PX milliseconds|EXAT timestamp|PXAT milliseconds-timestamp|KEEPTTL] [NX|XX] [GET][0m[24C[0K127.0.0.1:6379> SET addCo[0;90;49m value [EX seconds|PX milliseconds|EXAT timestamp|PXAT milliseconds-timestamp|KEEPTTL] [NX|XX] [GET][0m[25C[0K127.0.0.1:6379> SET addCou[0;90;49m value [EX seconds|PX milliseconds|EXAT timestamp|PXAT milliseconds-timestamp|KEEPTTL] [NX|XX] [GET][0m[26C[0K127.0.0.1:6379> SET addCout[0;90;49m value [EX seconds|PX milliseconds|EXAT timestamp|PXAT milliseconds-timestamp|KEEPTTL] [NX|XX] [GET][0m[27C[0K127.0.0.1:6379> SET addCou[0;90;49m value [EX seconds|PX milliseconds|EXAT timestamp|PXAT milliseconds-timestamp|KEEPTTL] [NX|XX] [GET][0m[26C[0K127.0.0.1:6379> SET addCoun[0;90;49m value [EX seconds|PX milliseconds|EXAT timestamp|PXAT milliseconds-timestamp|KEEPTTL] [NX|XX] [GET][0m[27C[0K127.0.0.1:6379> SET addCount[0;90;49m value [EX seconds|PX milliseconds|EXAT timestamp|PXAT milliseconds-timestamp|KEEPTTL] [NX|XX] [GET][0m[28C[0K127.0.0.1:6379> SET addCount [0;90;49mvalue [EX seconds|PX milliseconds|EXAT timestamp|PXAT milliseconds-timestamp|KEEPTTL] [NX|XX] [GET][0m[29C[0K127.0.0.1:6379> SET addCount 9[0;90;49m [EX seconds|PX milliseconds|EXAT timestamp|PXAT milliseconds-timestamp|KEEPTTL] [NX|XX] [GET][0m[30C[0K127.0.0.1:6379> SET addCount 90[0;90;49m [EX seconds|PX milliseconds|EXAT timestamp|PXAT milliseconds-timestamp|KEEPTTL] [NX|XX] [GET][0m[31C[0K127.0.0.1:6379> SET addCount 900[0;90;49m [EX seconds|PX milliseconds|EXAT timestamp|PXAT milliseconds-timestamp|KEEPTTL] [NX|XX] [GET][0m[32C[0K127.0.0.1:6379> SET addCount 9001[0;90;49m [EX seconds|PX milliseconds|EXAT timestamp|PXAT milliseconds-timestamp|KEEPTTL] [NX|XX] [GET][0m[33C[0K127.0.0.1:6379> SET addCount 9001[33C
OK
127.0.0.1:6379> [0K127.0.0.1:6379> G[17C[0K127.0.0.1:6379> Ge[18C[0K127.0.0.1:6379> Get[0;90;49m key[0m[19C[0K127.0.0.1:6379> Ge[18C[0K127.0.0.1:6379> G[17C[0K127.0.0.1:6379> GE[18C[0K127.0.0.1:6379> GET[0;90;49m key[0m[19C[0K127.0.0.1:6379> GET [0;90;49mkey[0m[20C[0K127.0.0.1:6379> GET a[0;90;49m [0m[21C[0K127.0.0.1:6379> GET ad[0;90;49m [0m[22C[0K127.0.0.1:6379> GET add[0;90;49m [0m[23C[0K127.0.0.1:6379> GET addC[0;90;49m [0m[24C[0K127.0.0.1:6379> GET addCo[0;90;49m [0m[25C[0K127.0.0.1:6379> GET addCou[0;90;49m [0m[26C[0K127.0.0.1:6379> GET addCoun[0;90;49m [0m[27C[0K127.0.0.1:6379> GET addCount[0;90;49m [0m[28C[0K127.0.0.1:6379> GET addCount[28C
"9001"
127.0.0.1:6379> [0K127.0.0.1:6379> G[17C[0K127.0.0.1:6379> GE[18C[0K127.0.0.1:6379> GET[0;90;49m key[0m[19C[0K127.0.0.1:6379> GET [0;90;49mkey[0m[20C[0K127.0.0.1:6379> GET a[0;90;49m [0m[21C[0K127.0.0.1:6379> GET ad[0;90;49m [0m[22C[0K127.0.0.1:6379> GET add[0;90;49m [0m[23C[0K127.0.0.1:6379> GET addV[0;90;49m [0m[24C[0K127.0.0.1:6379> GET addVo[0;90;49m [0m[25C[0K127.0.0.1:6379> GET addV[0;90;49m [0m[24C[0K127.0.0.1:6379> GET add[0;90;49m [0m[23C[0K127.0.0.1:6379> GET addC[0;90;49m [0m[24C[0K127.0.0.1:6379> GET addCo[0;90;49m [0m[25C[0K127.0.0.1:6379> GET addCou[0;90;49m [0m[26C[0K127.0.0.1:6379> GET addCoun[0;90;49m [0m[27C[0K127.0.0.1:6379> GET addCount[0;90;49m [0m[28C[0K127.0.0.1:6379> GET addCount[28C
"9002"
127.0.0.1:6379> [0K127.0.0.1:6379> D[17C[0K127.0.0.1:6379> DE[18C[0K127.0.0.1:6379> DEK[19C[0K127.0.0.1:6379> DE[18C[0K127.0.0.1:6379> DEL[0;90;49m key [key ...][0m[19C[0K127.0.0.1:6379> DEL [0;90;49mkey [key ...][0m[20C[0K127.0.0.1:6379> DEL a[0;90;49m [key ...][0m[21C[0K127.0.0.1:6379> DEL ad[0;90;49m [key ...][0m[22C[0K127.0.0.1:6379> DEL add[0;90;49m [key ...][0m[23C[0K127.0.0.1:6379> DEL addC[0;90;49m [key ...][0m[24C[0K127.0.0.1:6379> DEL addCo[0;90;49m [key ...][0m[25C[0K127.0.0.1:6379> DEL addCou[0;90;49m [key ...][0m[26C[0K127.0.0.1:6379> DEL addCoun[0;90;49m [key ...][0m[27C[0K127.0.0.1:6379> DEL addCount[0;90;49m [key ...][0m[28C[0K127.0.0.1:6379> DEL addCount[28C
(integer) 1
127.0.0.1:6379> [0K127.0.0.1:6379> D[17C[0K127.0.0.1:6379> DE[18C[0K127.0.0.1:6379> DEL[0;90;49m key [key ...][0m[19C[0K127.0.0.1:6379> DEL [0;90;49mkey [key ...][0m[20C[0K127.0.0.1:6379> DEL a[0;90;49m [key ...][0m[21C[0K127.0.0.1:6379> DEL ad[0;90;49m [key ...][0m[22C[0K127.0.0.1:6379> DEL add[0;90;49m [key ...][0m[23C[0K127.0.0.1:6379> DEL addC[0;90;49m [key ...][0m[24C[0K127.0.0.1:6379> DEL addCo[0;90;49m [key ...][0m[25C[0K127.0.0.1:6379> DEL addCou[0;90;49m [key ...][0m[26C[0K127.0.0.1:6379> DEL addCoun[0;90;49m [key ...][0m[27C[0K127.0.0.1:6379> DEL addCount[0;90;49m [key ...][0m[28C[0K127.0.0.1:6379> DEL addCount[28C
(integer) 1
127.0.0.1:6379> [0K127.0.0.1:6379> G[17C[0K127.0.0.1:6379> Ge[18C[0K127.0.0.1:6379> Get[0;90;49m key[0m[19C[0K127.0.0.1:6379> Ge[18C[0K127.0.0.1:6379> G[17C[0K127.0.0.1:6379> GE[18C[0K127.0.0.1:6379> GET[0;90;49m key[0m[19C[0K127.0.0.1:6379> GET [0;90;49mkey[0m[20C[0K127.0.0.1:6379> GET a[0;90;49m [0m[21C[0K127.0.0.1:6379> GET ad[0;90;49m [0m[22C[0K127.0.0.1:6379> GET add[0;90;49m [0m[23C[0K127.0.0.1:6379> GET addC[0;90;49m [0m[24C[0K127.0.0.1:6379> GET addCo[0;90;49m [0m[25C[0K127.0.0.1:6379> GET addCou[0;90;49m [0m[26C[0K127.0.0.1:6379> GET addCoun[0;90;49m [0m[27C[0K127.0.0.1:6379> GET addCount[0;90;49m [0m[28C[0K127.0.0.1:6379> GET addCount[28C
(nil)
127.0.0.1:6379> [0K127.0.0.1:6379> GET addCount[0;90;49m [0m[28C[0K127.0.0.1:6379> GET addCount[28C
(nil)
127.0.0.1:6379> [0K127.0.0.1:6379> GET addCount[0;90;49m [0m[28C[0K127.0.0.1:6379> GET addCount[28C
"1"
127.0.0.1:6379> [0K127.0.0.1:6379> GET addCount[0;90;49m [0m[28C[0K127.0.0.1:6379> GET addCount[28C
"8"
127.0.0.1:6379> [0K127.0.0.1:6379> e[17C[0K127.0.0.1:6379> ex[18C[0K127.0.0.1:6379> exi[19C[0K127.0.0.1:6379> exit[20C[0K127.0.0.1:6379> exit[20C
root@f718ef47f70f:/data# exit
exit
]0;tapio@tapio-desktop: ~/Documents/GitRepositories/Fullstackopen/part12-containers-applications/script-answers[01;32mtapio@tapio-desktop[00m:[01;34m~/Documents/GitRepositories/Fullstackopen/part12-containers-applications/script-answers[00m$ exit
exit

Script done on 2021-09-27 20:17:23+03:00 [COMMAND_EXIT_CODE="0"]
